// Jest Snapshot v1, https://goo.gl/fbAQLP

exports[`<App /> renders correctly 1`] = `
<div
  className="App"
>
  <Helmet
    titleTemplate="%s | Ground Control"
  />
  <ForwardRef(Relay(Menu))
    onHideSidebar={[Function]}
    onShowSidebar={[Function]}
    showSidebar={false}
    system={
      Object {
        " $fragmentRefs": null,
        " $refType": null,
        "lastMessageId": "1",
      }
    }
  />
  <p>
    Hello, World!
  </p>
</div>
`;
