// Jest Snapshot v1, https://goo.gl/fbAQLP

exports[`<Loading /> renders correctly 1`] = `
<div
  className="Loading"
>
  <Loader
    active={true}
    size="massive"
  />
</div>
`;
